// Jest Snapshot v1, https://goo.gl/fbAQLP

exports[`testing AdvancedSettingsList component should snapshot works with english language 1`] = `
<div>
  <div
    class="MuiBox-root MuiBox-root Component-root Component-root"
  >
    <div
      class="MuiBox-root MuiBox-root Component-root Component-root"
    >
      <span
        aria-disabled="false"
        class="MuiButtonBase-root MuiIconButton-root PrivateSwitchBase-root MuiCheckbox-root MuiCheckbox-colorSecondary WithStyles(ForwardRef(Checkbox))-root WithStyles(ForwardRef(Checkbox))-root Styled(WithStyles(ForwardRef(Checkbox)))-root Styled(WithStyles(ForwardRef(Checkbox)))-root MuiIconButton-colorSecondary"
        data-testid="checkbox-advanced-settings-list-prevent-copy"
      >
        <span
          class="MuiIconButton-label"
        >
          <input
            class="PrivateSwitchBase-input"
            data-indeterminate="false"
            id="checkbox-agree"
            type="checkbox"
            value=""
          />
          <svg
            aria-hidden="true"
            class="MuiSvgIcon-root"
            focusable="false"
            viewBox="0 0 24 24"
          >
            <path
              d="M19 5v14H5V5h14m0-2H5c-1.1 0-2 .9-2 2v14c0 1.1.9 2 2 2h14c1.1 0 2-.9 2-2V5c0-1.1-.9-2-2-2z"
            />
          </svg>
        </span>
        <span
          class="MuiTouchRipple-root"
        />
      </span>
      <label
        class="MuiTypography-root Component-root Component-root MuiTypography-body1"
        for="checkbox-agree"
      >
        Prevent copy
      </label>
      <button
        class="MuiButtonBase-root MuiIconButton-root Component-root Component-root Styled(Component)-root Styled(Component)-root WithStyles(ForwardRef(Tooltip))-root WithStyles(ForwardRef(Tooltip))-root"
        data-testid="tooltip-advanced-settings-list-help"
        tabindex="0"
        title="Help"
        type="button"
      >
        <span
          class="MuiIconButton-label"
        >
          <svg
            aria-hidden="true"
            class="MuiSvgIcon-root"
            focusable="false"
            viewBox="0 0 24 24"
          >
            <path
              d="M12 2C6.48 2 2 6.48 2 12s4.48 10 10 10 10-4.48 10-10S17.52 2 12 2zm1 17h-2v-2h2v2zm2.07-7.75l-.9.92C13.45 12.9 13 13.5 13 15h-2v-.5c0-1.1.45-2.1 1.17-2.83l1.24-1.26c.37-.36.59-.86.59-1.41 0-1.1-.9-2-2-2s-2 .9-2 2H8c0-2.21 1.79-4 4-4s4 1.79 4 4c0 .88-.36 1.68-.93 2.25z"
            />
          </svg>
        </span>
        <span
          class="MuiTouchRipple-root"
        />
      </button>
    </div>
    <div
      class="MuiBox-root MuiBox-root Component-root Component-root"
    >
      <div
        class="MuiGrid-root WithStyles(ForwardRef(Grid))-root WithStyles(ForwardRef(Grid))-root MuiGrid-container MuiGrid-spacing-xs-2"
      >
        <div
          class="MuiGrid-root WithStyles(ForwardRef(Grid))-root WithStyles(ForwardRef(Grid))-root MuiGrid-item MuiGrid-grid-xs-6"
        >
          <div
            class="MuiFormControl-root MuiTextField-root WithStyles(ForwardRef(TextField))-root WithStyles(ForwardRef(TextField))-root"
          >
            <label
              class="MuiFormLabel-root MuiInputLabel-root MuiInputLabel-formControl MuiInputLabel-animated MuiInputLabel-shrink MuiInputLabel-outlined"
              data-shrink="true"
              data-testid="textfield-advanced-settings-list-key-0-label"
              for="textfield-advanced-settings-list-key-0"
              id="textfield-advanced-settings-list-key-0-label"
            >
              Key
            </label>
            <div
              class="MuiInputBase-root MuiOutlinedInput-root MuiInputBase-formControl"
            >
              <input
                aria-invalid="false"
                autocomplete="off"
                class="MuiInputBase-input MuiOutlinedInput-input"
                data-testid="textfield-advanced-settings-list-key-0"
                id="textfield-advanced-settings-list-key-0"
                maxlength="100"
                type="text"
                value=""
              />
              <fieldset
                aria-hidden="true"
                class="PrivateNotchedOutline-root MuiOutlinedInput-notchedOutline"
              >
                <legend
                  class="PrivateNotchedOutline-legendLabelled PrivateNotchedOutline-legendNotched"
                >
                  <span>
                    Key
                  </span>
                </legend>
              </fieldset>
            </div>
          </div>
        </div>
        <div
          class="MuiGrid-root WithStyles(ForwardRef(Grid))-root WithStyles(ForwardRef(Grid))-root MuiGrid-item MuiGrid-grid-xs-6"
        >
          <div
            class="MuiFormControl-root MuiTextField-root WithStyles(ForwardRef(TextField))-root WithStyles(ForwardRef(TextField))-root"
          >
            <label
              class="MuiFormLabel-root MuiInputLabel-root MuiInputLabel-formControl MuiInputLabel-animated MuiInputLabel-shrink MuiInputLabel-outlined"
              data-shrink="true"
              data-testid="textfield-advanced-settings-list-value-0-label"
              for="textfield-advanced-settings-list-value-0"
              id="textfield-advanced-settings-list-value-0-label"
            >
              Value
            </label>
            <div
              class="MuiInputBase-root MuiOutlinedInput-root MuiInputBase-formControl"
            >
              <input
                aria-invalid="false"
                autocomplete="off"
                class="MuiInputBase-input MuiOutlinedInput-input"
                data-testid="textfield-advanced-settings-list-value-0"
                id="textfield-advanced-settings-list-value-0"
                maxlength="100"
                type="text"
                value=""
              />
              <fieldset
                aria-hidden="true"
                class="PrivateNotchedOutline-root MuiOutlinedInput-notchedOutline"
              >
                <legend
                  class="PrivateNotchedOutline-legendLabelled PrivateNotchedOutline-legendNotched"
                >
                  <span>
                    Value
                  </span>
                </legend>
              </fieldset>
            </div>
          </div>
        </div>
      </div>
      <button
        aria-label="Add"
        class="MuiButtonBase-root MuiIconButton-root Component-root Component-root Styled(Component)-root Styled(Component)-root WithStyles(ForwardRef(Tooltip))-root WithStyles(ForwardRef(Tooltip))-root"
        data-testid="iconbutton-add-user-parameter-0"
        tabindex="0"
        title="Add"
        type="button"
      >
        <span
          class="MuiIconButton-label"
        >
          <svg
            aria-hidden="true"
            class="MuiSvgIcon-root"
            focusable="false"
            viewBox="0 0 24 24"
          >
            <path
              d="M12 2C6.48 2 2 6.48 2 12s4.48 10 10 10 10-4.48 10-10S17.52 2 12 2zm4 11h-3v3c0 .55-.45 1-1 1s-1-.45-1-1v-3H8c-.55 0-1-.45-1-1s.45-1 1-1h3V8c0-.55.45-1 1-1s1 .45 1 1v3h3c.55 0 1 .45 1 1s-.45 1-1 1z"
            />
          </svg>
        </span>
        <span
          class="MuiTouchRipple-root"
        />
      </button>
    </div>
  </div>
</div>
`;

exports[`testing AdvancedSettingsList component should snapshot works with portuguese language 1`] = `
<div>
  <div
    class="MuiBox-root MuiBox-root Component-root Component-root"
  >
    <div
      class="MuiBox-root MuiBox-root Component-root Component-root"
    >
      <span
        aria-disabled="false"
        class="MuiButtonBase-root MuiIconButton-root PrivateSwitchBase-root MuiCheckbox-root MuiCheckbox-colorSecondary WithStyles(ForwardRef(Checkbox))-root WithStyles(ForwardRef(Checkbox))-root Styled(WithStyles(ForwardRef(Checkbox)))-root Styled(WithStyles(ForwardRef(Checkbox)))-root MuiIconButton-colorSecondary"
        data-testid="checkbox-advanced-settings-list-prevent-copy"
      >
        <span
          class="MuiIconButton-label"
        >
          <input
            class="PrivateSwitchBase-input"
            data-indeterminate="false"
            id="checkbox-agree"
            type="checkbox"
            value=""
          />
          <svg
            aria-hidden="true"
            class="MuiSvgIcon-root"
            focusable="false"
            viewBox="0 0 24 24"
          >
            <path
              d="M19 5v14H5V5h14m0-2H5c-1.1 0-2 .9-2 2v14c0 1.1.9 2 2 2h14c1.1 0 2-.9 2-2V5c0-1.1-.9-2-2-2z"
            />
          </svg>
        </span>
        <span
          class="MuiTouchRipple-root"
        />
      </span>
      <label
        class="MuiTypography-root Component-root Component-root MuiTypography-body1"
        for="checkbox-agree"
      >
        Bloquear c√≥pia
      </label>
      <button
        class="MuiButtonBase-root MuiIconButton-root Component-root Component-root Styled(Component)-root Styled(Component)-root WithStyles(ForwardRef(Tooltip))-root WithStyles(ForwardRef(Tooltip))-root"
        data-testid="tooltip-advanced-settings-list-help"
        tabindex="0"
        title="Help"
        type="button"
      >
        <span
          class="MuiIconButton-label"
        >
          <svg
            aria-hidden="true"
            class="MuiSvgIcon-root"
            focusable="false"
            viewBox="0 0 24 24"
          >
            <path
              d="M12 2C6.48 2 2 6.48 2 12s4.48 10 10 10 10-4.48 10-10S17.52 2 12 2zm1 17h-2v-2h2v2zm2.07-7.75l-.9.92C13.45 12.9 13 13.5 13 15h-2v-.5c0-1.1.45-2.1 1.17-2.83l1.24-1.26c.37-.36.59-.86.59-1.41 0-1.1-.9-2-2-2s-2 .9-2 2H8c0-2.21 1.79-4 4-4s4 1.79 4 4c0 .88-.36 1.68-.93 2.25z"
            />
          </svg>
        </span>
        <span
          class="MuiTouchRipple-root"
        />
      </button>
    </div>
    <div
      class="MuiBox-root MuiBox-root Component-root Component-root"
    >
      <div
        class="MuiGrid-root WithStyles(ForwardRef(Grid))-root WithStyles(ForwardRef(Grid))-root MuiGrid-container MuiGrid-spacing-xs-2"
      >
        <div
          class="MuiGrid-root WithStyles(ForwardRef(Grid))-root WithStyles(ForwardRef(Grid))-root MuiGrid-item MuiGrid-grid-xs-6"
        >
          <div
            class="MuiFormControl-root MuiTextField-root WithStyles(ForwardRef(TextField))-root WithStyles(ForwardRef(TextField))-root"
          >
            <label
              class="MuiFormLabel-root MuiInputLabel-root MuiInputLabel-formControl MuiInputLabel-animated MuiInputLabel-shrink MuiInputLabel-outlined"
              data-shrink="true"
              data-testid="textfield-advanced-settings-list-key-0-label"
              for="textfield-advanced-settings-list-key-0"
              id="textfield-advanced-settings-list-key-0-label"
            >
              Chave
            </label>
            <div
              class="MuiInputBase-root MuiOutlinedInput-root MuiInputBase-formControl"
            >
              <input
                aria-invalid="false"
                autocomplete="off"
                class="MuiInputBase-input MuiOutlinedInput-input"
                data-testid="textfield-advanced-settings-list-key-0"
                id="textfield-advanced-settings-list-key-0"
                maxlength="100"
                type="text"
                value=""
              />
              <fieldset
                aria-hidden="true"
                class="PrivateNotchedOutline-root MuiOutlinedInput-notchedOutline"
              >
                <legend
                  class="PrivateNotchedOutline-legendLabelled PrivateNotchedOutline-legendNotched"
                >
                  <span>
                    Chave
                  </span>
                </legend>
              </fieldset>
            </div>
          </div>
        </div>
        <div
          class="MuiGrid-root WithStyles(ForwardRef(Grid))-root WithStyles(ForwardRef(Grid))-root MuiGrid-item MuiGrid-grid-xs-6"
        >
          <div
            class="MuiFormControl-root MuiTextField-root WithStyles(ForwardRef(TextField))-root WithStyles(ForwardRef(TextField))-root"
          >
            <label
              class="MuiFormLabel-root MuiInputLabel-root MuiInputLabel-formControl MuiInputLabel-animated MuiInputLabel-shrink MuiInputLabel-outlined"
              data-shrink="true"
              data-testid="textfield-advanced-settings-list-value-0-label"
              for="textfield-advanced-settings-list-value-0"
              id="textfield-advanced-settings-list-value-0-label"
            >
              Valor
            </label>
            <div
              class="MuiInputBase-root MuiOutlinedInput-root MuiInputBase-formControl"
            >
              <input
                aria-invalid="false"
                autocomplete="off"
                class="MuiInputBase-input MuiOutlinedInput-input"
                data-testid="textfield-advanced-settings-list-value-0"
                id="textfield-advanced-settings-list-value-0"
                maxlength="100"
                type="text"
                value=""
              />
              <fieldset
                aria-hidden="true"
                class="PrivateNotchedOutline-root MuiOutlinedInput-notchedOutline"
              >
                <legend
                  class="PrivateNotchedOutline-legendLabelled PrivateNotchedOutline-legendNotched"
                >
                  <span>
                    Valor
                  </span>
                </legend>
              </fieldset>
            </div>
          </div>
        </div>
      </div>
      <button
        aria-label="Adicionar"
        class="MuiButtonBase-root MuiIconButton-root Component-root Component-root Styled(Component)-root Styled(Component)-root WithStyles(ForwardRef(Tooltip))-root WithStyles(ForwardRef(Tooltip))-root"
        data-testid="iconbutton-add-user-parameter-0"
        tabindex="0"
        title="Adicionar"
        type="button"
      >
        <span
          class="MuiIconButton-label"
        >
          <svg
            aria-hidden="true"
            class="MuiSvgIcon-root"
            focusable="false"
            viewBox="0 0 24 24"
          >
            <path
              d="M12 2C6.48 2 2 6.48 2 12s4.48 10 10 10 10-4.48 10-10S17.52 2 12 2zm4 11h-3v3c0 .55-.45 1-1 1s-1-.45-1-1v-3H8c-.55 0-1-.45-1-1s.45-1 1-1h3V8c0-.55.45-1 1-1s1 .45 1 1v3h3c.55 0 1 .45 1 1s-.45 1-1 1z"
            />
          </svg>
        </span>
        <span
          class="MuiTouchRipple-root"
        />
      </button>
    </div>
  </div>
</div>
`;

exports[`testing AdvancedSettingsList component should snapshot works with spanish language 1`] = `
<div>
  <div
    class="MuiBox-root MuiBox-root Component-root Component-root"
  >
    <div
      class="MuiBox-root MuiBox-root Component-root Component-root"
    >
      <span
        aria-disabled="false"
        class="MuiButtonBase-root MuiIconButton-root PrivateSwitchBase-root MuiCheckbox-root MuiCheckbox-colorSecondary WithStyles(ForwardRef(Checkbox))-root WithStyles(ForwardRef(Checkbox))-root Styled(WithStyles(ForwardRef(Checkbox)))-root Styled(WithStyles(ForwardRef(Checkbox)))-root MuiIconButton-colorSecondary"
        data-testid="checkbox-advanced-settings-list-prevent-copy"
      >
        <span
          class="MuiIconButton-label"
        >
          <input
            class="PrivateSwitchBase-input"
            data-indeterminate="false"
            id="checkbox-agree"
            type="checkbox"
            value=""
          />
          <svg
            aria-hidden="true"
            class="MuiSvgIcon-root"
            focusable="false"
            viewBox="0 0 24 24"
          >
            <path
              d="M19 5v14H5V5h14m0-2H5c-1.1 0-2 .9-2 2v14c0 1.1.9 2 2 2h14c1.1 0 2-.9 2-2V5c0-1.1-.9-2-2-2z"
            />
          </svg>
        </span>
        <span
          class="MuiTouchRipple-root"
        />
      </span>
      <label
        class="MuiTypography-root Component-root Component-root MuiTypography-body1"
        for="checkbox-agree"
      >
        Copia en bloque
      </label>
      <button
        class="MuiButtonBase-root MuiIconButton-root Component-root Component-root Styled(Component)-root Styled(Component)-root WithStyles(ForwardRef(Tooltip))-root WithStyles(ForwardRef(Tooltip))-root"
        data-testid="tooltip-advanced-settings-list-help"
        tabindex="0"
        title="Help"
        type="button"
      >
        <span
          class="MuiIconButton-label"
        >
          <svg
            aria-hidden="true"
            class="MuiSvgIcon-root"
            focusable="false"
            viewBox="0 0 24 24"
          >
            <path
              d="M12 2C6.48 2 2 6.48 2 12s4.48 10 10 10 10-4.48 10-10S17.52 2 12 2zm1 17h-2v-2h2v2zm2.07-7.75l-.9.92C13.45 12.9 13 13.5 13 15h-2v-.5c0-1.1.45-2.1 1.17-2.83l1.24-1.26c.37-.36.59-.86.59-1.41 0-1.1-.9-2-2-2s-2 .9-2 2H8c0-2.21 1.79-4 4-4s4 1.79 4 4c0 .88-.36 1.68-.93 2.25z"
            />
          </svg>
        </span>
        <span
          class="MuiTouchRipple-root"
        />
      </button>
    </div>
    <div
      class="MuiBox-root MuiBox-root Component-root Component-root"
    >
      <div
        class="MuiGrid-root WithStyles(ForwardRef(Grid))-root WithStyles(ForwardRef(Grid))-root MuiGrid-container MuiGrid-spacing-xs-2"
      >
        <div
          class="MuiGrid-root WithStyles(ForwardRef(Grid))-root WithStyles(ForwardRef(Grid))-root MuiGrid-item MuiGrid-grid-xs-6"
        >
          <div
            class="MuiFormControl-root MuiTextField-root WithStyles(ForwardRef(TextField))-root WithStyles(ForwardRef(TextField))-root"
          >
            <label
              class="MuiFormLabel-root MuiInputLabel-root MuiInputLabel-formControl MuiInputLabel-animated MuiInputLabel-shrink MuiInputLabel-outlined"
              data-shrink="true"
              data-testid="textfield-advanced-settings-list-key-0-label"
              for="textfield-advanced-settings-list-key-0"
              id="textfield-advanced-settings-list-key-0-label"
            >
              Clave
            </label>
            <div
              class="MuiInputBase-root MuiOutlinedInput-root MuiInputBase-formControl"
            >
              <input
                aria-invalid="false"
                autocomplete="off"
                class="MuiInputBase-input MuiOutlinedInput-input"
                data-testid="textfield-advanced-settings-list-key-0"
                id="textfield-advanced-settings-list-key-0"
                maxlength="100"
                type="text"
                value=""
              />
              <fieldset
                aria-hidden="true"
                class="PrivateNotchedOutline-root MuiOutlinedInput-notchedOutline"
              >
                <legend
                  class="PrivateNotchedOutline-legendLabelled PrivateNotchedOutline-legendNotched"
                >
                  <span>
                    Clave
                  </span>
                </legend>
              </fieldset>
            </div>
          </div>
        </div>
        <div
          class="MuiGrid-root WithStyles(ForwardRef(Grid))-root WithStyles(ForwardRef(Grid))-root MuiGrid-item MuiGrid-grid-xs-6"
        >
          <div
            class="MuiFormControl-root MuiTextField-root WithStyles(ForwardRef(TextField))-root WithStyles(ForwardRef(TextField))-root"
          >
            <label
              class="MuiFormLabel-root MuiInputLabel-root MuiInputLabel-formControl MuiInputLabel-animated MuiInputLabel-shrink MuiInputLabel-outlined"
              data-shrink="true"
              data-testid="textfield-advanced-settings-list-value-0-label"
              for="textfield-advanced-settings-list-value-0"
              id="textfield-advanced-settings-list-value-0-label"
            >
              Valor
            </label>
            <div
              class="MuiInputBase-root MuiOutlinedInput-root MuiInputBase-formControl"
            >
              <input
                aria-invalid="false"
                autocomplete="off"
                class="MuiInputBase-input MuiOutlinedInput-input"
                data-testid="textfield-advanced-settings-list-value-0"
                id="textfield-advanced-settings-list-value-0"
                maxlength="100"
                type="text"
                value=""
              />
              <fieldset
                aria-hidden="true"
                class="PrivateNotchedOutline-root MuiOutlinedInput-notchedOutline"
              >
                <legend
                  class="PrivateNotchedOutline-legendLabelled PrivateNotchedOutline-legendNotched"
                >
                  <span>
                    Valor
                  </span>
                </legend>
              </fieldset>
            </div>
          </div>
        </div>
      </div>
      <button
        aria-label="Agregar"
        class="MuiButtonBase-root MuiIconButton-root Component-root Component-root Styled(Component)-root Styled(Component)-root WithStyles(ForwardRef(Tooltip))-root WithStyles(ForwardRef(Tooltip))-root"
        data-testid="iconbutton-add-user-parameter-0"
        tabindex="0"
        title="Agregar"
        type="button"
      >
        <span
          class="MuiIconButton-label"
        >
          <svg
            aria-hidden="true"
            class="MuiSvgIcon-root"
            focusable="false"
            viewBox="0 0 24 24"
          >
            <path
              d="M12 2C6.48 2 2 6.48 2 12s4.48 10 10 10 10-4.48 10-10S17.52 2 12 2zm4 11h-3v3c0 .55-.45 1-1 1s-1-.45-1-1v-3H8c-.55 0-1-.45-1-1s.45-1 1-1h3V8c0-.55.45-1 1-1s1 .45 1 1v3h3c.55 0 1 .45 1 1s-.45 1-1 1z"
            />
          </svg>
        </span>
        <span
          class="MuiTouchRipple-root"
        />
      </button>
    </div>
  </div>
</div>
`;
